15:16:59 **** Incremental Build of configuration Debug for project cv06 ****
make -j4 all 
arm-none-eabi-gcc "../Core/Src/sct.c" -mcpu=cortex-m0 -std=gnu11 -g3 -DDEBUG -DUSE_HAL_DRIVER -DSTM32F030x8 -c -I../Core/Inc -I../Drivers/STM32F0xx_HAL_Driver/Inc -I../Drivers/STM32F0xx_HAL_Driver/Inc/Legacy -I../Drivers/CMSIS/Device/ST/STM32F0xx/Include -I../Drivers/CMSIS/Include -O0 -ffunction-sections -fdata-sections -Wall -fstack-usage -fcyclomatic-complexity -MMD -MP -MF"Core/Src/sct.d" -MT"Core/Src/sct.o" --specs=nano.specs -mfloat-abi=soft -mthumb -o "Core/Src/sct.o"
arm-none-eabi-gcc -o "cv06.elf" @"objects.list"   -mcpu=cortex-m0 -T"C:\Users\xladis00\STM32CubeIDE\workspace_1.13.1\cv06\STM32F030R8TX_FLASH.ld" --specs=nosys.specs -Wl,-Map="cv06.map" -Wl,--gc-sections -static --specs=nano.specs -mfloat-abi=soft -mthumb -Wl,--start-group -lc -lm -Wl,--end-group
Finished building target: cv06.elf
 
arm-none-eabi-size   cv06.elf 
arm-none-eabi-objdump -h -S  cv06.elf  > "cv06.list"
   text	   data	    bss	    dec	    hex	filename
   8532	     20	   1708	  10260	   2814	cv06.elf
Finished building: default.size.stdout
 
Finished building: cv06.list
 
15:17:07 **** Incremental Build of configuration Debug for project cv06 ****
make -j4 all 
arm-none-eabi-gcc "../Core/Src/sct.c" -mcpu=cortex-m0 -std=gnu11 -g3 -DDEBUG -DUSE_HAL_DRIVER -DSTM32F030x8 -c -I../Core/Inc -I../Drivers/STM32F0xx_HAL_Driver/Inc -I../Drivers/STM32F0xx_HAL_Driver/Inc/Legacy -I../Drivers/CMSIS/Device/ST/STM32F0xx/Include -I../Drivers/CMSIS/Include -O0 -ffunction-sections -fdata-sections -Wall -fstack-usage -fcyclomatic-complexity -MMD -MP -MF"Core/Src/sct.d" -MT"Core/Src/sct.o" --specs=nano.specs -mfloat-abi=soft -mthumb -o "Core/Src/sct.o"
arm-none-eabi-gcc -o "cv06.elf" @"objects.list"   -mcpu=cortex-m0 -T"C:\Users\xladis00\STM32CubeIDE\workspace_1.13.1\cv06\STM32F030R8TX_FLASH.ld" --specs=nosys.specs -Wl,-Map="cv06.map" -Wl,--gc-sections -static --specs=nano.specs -mfloat-abi=soft -mthumb -Wl,--start-group -lc -lm -Wl,--end-group
Finished building target: cv06.elf
 
arm-none-eabi-size   cv06.elf 
arm-none-eabi-objdump -h -S  cv06.elf  > "cv06.list"
   text	   data	    bss	    dec	    hex	filename
   8532	     20	   1708	  10260	   2814	cv06.elf
Finished building: default.size.stdout
 
Finished building: cv06.list
 
15:17:41 **** Incremental Build of configuration Debug for project cv06 ****
make -j4 all 
arm-none-eabi-gcc "../Core/Src/sct.c" -mcpu=cortex-m0 -std=gnu11 -g3 -DDEBUG -DUSE_HAL_DRIVER -DSTM32F030x8 -c -I../Core/Inc -I../Drivers/STM32F0xx_HAL_Driver/Inc -I../Drivers/STM32F0xx_HAL_Driver/Inc/Legacy -I../Drivers/CMSIS/Device/ST/STM32F0xx/Include -I../Drivers/CMSIS/Include -O0 -ffunction-sections -fdata-sections -Wall -fstack-usage -fcyclomatic-complexity -MMD -MP -MF"Core/Src/sct.d" -MT"Core/Src/sct.o" --specs=nano.specs -mfloat-abi=soft -mthumb -o "Core/Src/sct.o"
arm-none-eabi-gcc -o "cv06.elf" @"objects.list"   -mcpu=cortex-m0 -T"C:\Users\xladis00\STM32CubeIDE\workspace_1.13.1\cv06\STM32F030R8TX_FLASH.ld" --specs=nosys.specs -Wl,-Map="cv06.map" -Wl,--gc-sections -static --specs=nano.specs -mfloat-abi=soft -mthumb -Wl,--start-group -lc -lm -Wl,--end-group
Finished building target: cv06.elf
 
arm-none-eabi-size   cv06.elf 
arm-none-eabi-objdump -h -S  cv06.elf  > "cv06.list"
   text	   data	    bss	    dec	    hex	filename
   8532	     20	   1708	  10260	   2814	cv06.elf
Finished building: default.size.stdout
 
Finished building: cv06.list
 
15:19:11 **** Incremental Build of configuration Debug for project cv06 ****
make -j4 all 
arm-none-eabi-gcc "../Core/Src/main.c" -mcpu=cortex-m0 -std=gnu11 -g3 -DDEBUG -DUSE_HAL_DRIVER -DSTM32F030x8 -c -I../Core/Inc -I../Drivers/STM32F0xx_HAL_Driver/Inc -I../Drivers/STM32F0xx_HAL_Driver/Inc/Legacy -I../Drivers/CMSIS/Device/ST/STM32F0xx/Include -I../Drivers/CMSIS/Include -O0 -ffunction-sections -fdata-sections -Wall -fstack-usage -fcyclomatic-complexity -MMD -MP -MF"Core/Src/main.d" -MT"Core/Src/main.o" --specs=nano.specs -mfloat-abi=soft -mthumb -o "Core/Src/main.o"
arm-none-eabi-gcc -o "cv06.elf" @"objects.list"   -mcpu=cortex-m0 -T"C:\Users\xladis00\STM32CubeIDE\workspace_1.13.1\cv06\STM32F030R8TX_FLASH.ld" --specs=nosys.specs -Wl,-Map="cv06.map" -Wl,--gc-sections -static --specs=nano.specs -mfloat-abi=soft -mthumb -Wl,--start-group -lc -lm -Wl,--end-group
Finished building target: cv06.elf
 
arm-none-eabi-size   cv06.elf 
arm-none-eabi-objdump -h -S  cv06.elf  > "cv06.list"
   text	   data	    bss	    dec	    hex	filename
   9012	     20	   1708	  10740	   29f4	cv06.elf
Finished building: default.size.stdout
 
Finished building: cv06.list
 
15:19:46 **** Incremental Build of configuration Debug for project cv06 ****
make -j4 all 
arm-none-eabi-gcc "../Core/Src/main.c" -mcpu=cortex-m0 -std=gnu11 -g3 -DDEBUG -DUSE_HAL_DRIVER -DSTM32F030x8 -c -I../Core/Inc -I../Drivers/STM32F0xx_HAL_Driver/Inc -I../Drivers/STM32F0xx_HAL_Driver/Inc/Legacy -I../Drivers/CMSIS/Device/ST/STM32F0xx/Include -I../Drivers/CMSIS/Include -O0 -ffunction-sections -fdata-sections -Wall -fstack-usage -fcyclomatic-complexity -MMD -MP -MF"Core/Src/main.d" -MT"Core/Src/main.o" --specs=nano.specs -mfloat-abi=soft -mthumb -o "Core/Src/main.o"
arm-none-eabi-gcc -o "cv06.elf" @"objects.list"   -mcpu=cortex-m0 -T"C:\Users\xladis00\STM32CubeIDE\workspace_1.13.1\cv06\STM32F030R8TX_FLASH.ld" --specs=nosys.specs -Wl,-Map="cv06.map" -Wl,--gc-sections -static --specs=nano.specs -mfloat-abi=soft -mthumb -Wl,--start-group -lc -lm -Wl,--end-group
Finished building target: cv06.elf
 
arm-none-eabi-size   cv06.elf 
arm-none-eabi-objdump -h -S  cv06.elf  > "cv06.list"
   text	   data	    bss	    dec	    hex	filename
   9012	     20	   1708	  10740	   29f4	cv06.elf
Finished building: default.size.stdout
 
Finished building: cv06.list
 
15:20:40 **** Incremental Build of configuration Debug for project cv06 ****
make -j4 all 
arm-none-eabi-gcc "../Core/Src/main.c" -mcpu=cortex-m0 -std=gnu11 -g3 -DDEBUG -DUSE_HAL_DRIVER -DSTM32F030x8 -c -I../Core/Inc -I../Drivers/STM32F0xx_HAL_Driver/Inc -I../Drivers/STM32F0xx_HAL_Driver/Inc/Legacy -I../Drivers/CMSIS/Device/ST/STM32F0xx/Include -I../Drivers/CMSIS/Include -O0 -ffunction-sections -fdata-sections -Wall -fstack-usage -fcyclomatic-complexity -MMD -MP -MF"Core/Src/main.d" -MT"Core/Src/main.o" --specs=nano.specs -mfloat-abi=soft -mthumb -o "Core/Src/main.o"
arm-none-eabi-gcc "../Core/Src/sct.c" -mcpu=cortex-m0 -std=gnu11 -g3 -DDEBUG -DUSE_HAL_DRIVER -DSTM32F030x8 -c -I../Core/Inc -I../Drivers/STM32F0xx_HAL_Driver/Inc -I../Drivers/STM32F0xx_HAL_Driver/Inc/Legacy -I../Drivers/CMSIS/Device/ST/STM32F0xx/Include -I../Drivers/CMSIS/Include -O0 -ffunction-sections -fdata-sections -Wall -fstack-usage -fcyclomatic-complexity -MMD -MP -MF"Core/Src/sct.d" -MT"Core/Src/sct.o" --specs=nano.specs -mfloat-abi=soft -mthumb -o "Core/Src/sct.o"
../Core/Src/main.c: In function 'main':
../Core/Src/main.c:104:17: error: too few arguments to function 'sct_value'
  104 |                 sct_value((temp_18b20 + 5)/10);
      |                 ^~~~~~~~~
In file included from ../Core/Src/main.c:25:
../Core/Inc/sct.h:14:6: note: declared here
   14 | void sct_value(uint16_t value, uint8_t leds, uint8_t point);
      |      ^~~~~~~~~
make: *** [Core/Src/subdir.mk:40: Core/Src/main.o] Error 1
make: *** Waiting for unfinished jobs....
"make -j4 all" terminated with exit code 2. Build might be incomplete.
15:21:11 **** Incremental Build of configuration Debug for project cv06 ****
make -j4 all 
arm-none-eabi-gcc "../Core/Src/main.c" -mcpu=cortex-m0 -std=gnu11 -g3 -DDEBUG -DUSE_HAL_DRIVER -DSTM32F030x8 -c -I../Core/Inc -I../Drivers/STM32F0xx_HAL_Driver/Inc -I../Drivers/STM32F0xx_HAL_Driver/Inc/Legacy -I../Drivers/CMSIS/Device/ST/STM32F0xx/Include -I../Drivers/CMSIS/Include -O0 -ffunction-sections -fdata-sections -Wall -fstack-usage -fcyclomatic-complexity -MMD -MP -MF"Core/Src/main.d" -MT"Core/Src/main.o" --specs=nano.specs -mfloat-abi=soft -mthumb -o "Core/Src/main.o"
arm-none-eabi-gcc -o "cv06.elf" @"objects.list"   -mcpu=cortex-m0 -T"C:\Users\xladis00\STM32CubeIDE\workspace_1.13.1\cv06\STM32F030R8TX_FLASH.ld" --specs=nosys.specs -Wl,-Map="cv06.map" -Wl,--gc-sections -static --specs=nano.specs -mfloat-abi=soft -mthumb -Wl,--start-group -lc -lm -Wl,--end-group
Finished building target: cv06.elf
 
arm-none-eabi-size   cv06.elf 
arm-none-eabi-objdump -h -S  cv06.elf  > "cv06.list"
   text	   data	    bss	    dec	    hex	filename
   9428	     20	   1708	  11156	   2b94	cv06.elf
Finished building: default.size.stdout
 
Finished building: cv06.list
 
15:22:14 **** Incremental Build of configuration Debug for project cv06 ****
make -j4 all 
arm-none-eabi-gcc "../Core/Src/sct.c" -mcpu=cortex-m0 -std=gnu11 -g3 -DDEBUG -DUSE_HAL_DRIVER -DSTM32F030x8 -c -I../Core/Inc -I../Drivers/STM32F0xx_HAL_Driver/Inc -I../Drivers/STM32F0xx_HAL_Driver/Inc/Legacy -I../Drivers/CMSIS/Device/ST/STM32F0xx/Include -I../Drivers/CMSIS/Include -O0 -ffunction-sections -fdata-sections -Wall -fstack-usage -fcyclomatic-complexity -MMD -MP -MF"Core/Src/sct.d" -MT"Core/Src/sct.o" --specs=nano.specs -mfloat-abi=soft -mthumb -o "Core/Src/sct.o"
arm-none-eabi-gcc -o "cv06.elf" @"objects.list"   -mcpu=cortex-m0 -T"C:\Users\xladis00\STM32CubeIDE\workspace_1.13.1\cv06\STM32F030R8TX_FLASH.ld" --specs=nosys.specs -Wl,-Map="cv06.map" -Wl,--gc-sections -static --specs=nano.specs -mfloat-abi=soft -mthumb -Wl,--start-group -lc -lm -Wl,--end-group
Finished building target: cv06.elf
 
arm-none-eabi-size   cv06.elf 
arm-none-eabi-objdump -h -S  cv06.elf  > "cv06.list"
   text	   data	    bss	    dec	    hex	filename
   9428	     20	   1708	  11156	   2b94	cv06.elf
Finished building: default.size.stdout
 
Finished building: cv06.list
 
15:22:35 **** Incremental Build of configuration Debug for project cv06 ****
make -j4 all 
arm-none-eabi-gcc "../Core/Src/sct.c" -mcpu=cortex-m0 -std=gnu11 -g3 -DDEBUG -DUSE_HAL_DRIVER -DSTM32F030x8 -c -I../Core/Inc -I../Drivers/STM32F0xx_HAL_Driver/Inc -I../Drivers/STM32F0xx_HAL_Driver/Inc/Legacy -I../Drivers/CMSIS/Device/ST/STM32F0xx/Include -I../Drivers/CMSIS/Include -O0 -ffunction-sections -fdata-sections -Wall -fstack-usage -fcyclomatic-complexity -MMD -MP -MF"Core/Src/sct.d" -MT"Core/Src/sct.o" --specs=nano.specs -mfloat-abi=soft -mthumb -o "Core/Src/sct.o"
arm-none-eabi-gcc -o "cv06.elf" @"objects.list"   -mcpu=cortex-m0 -T"C:\Users\xladis00\STM32CubeIDE\workspace_1.13.1\cv06\STM32F030R8TX_FLASH.ld" --specs=nosys.specs -Wl,-Map="cv06.map" -Wl,--gc-sections -static --specs=nano.specs -mfloat-abi=soft -mthumb -Wl,--start-group -lc -lm -Wl,--end-group
Finished building target: cv06.elf
 
arm-none-eabi-size   cv06.elf 
arm-none-eabi-objdump -h -S  cv06.elf  > "cv06.list"
   text	   data	    bss	    dec	    hex	filename
   9428	     20	   1708	  11156	   2b94	cv06.elf
Finished building: default.size.stdout
 
Finished building: cv06.list
 
15:23:36 **** Incremental Build of configuration Debug for project cv06 ****
make -j4 all 
arm-none-eabi-gcc "../Core/Src/main.c" -mcpu=cortex-m0 -std=gnu11 -g3 -DDEBUG -DUSE_HAL_DRIVER -DSTM32F030x8 -c -I../Core/Inc -I../Drivers/STM32F0xx_HAL_Driver/Inc -I../Drivers/STM32F0xx_HAL_Driver/Inc/Legacy -I../Drivers/CMSIS/Device/ST/STM32F0xx/Include -I../Drivers/CMSIS/Include -O0 -ffunction-sections -fdata-sections -Wall -fstack-usage -fcyclomatic-complexity -MMD -MP -MF"Core/Src/main.d" -MT"Core/Src/main.o" --specs=nano.specs -mfloat-abi=soft -mthumb -o "Core/Src/main.o"
arm-none-eabi-gcc -o "cv06.elf" @"objects.list"   -mcpu=cortex-m0 -T"C:\Users\xladis00\STM32CubeIDE\workspace_1.13.1\cv06\STM32F030R8TX_FLASH.ld" --specs=nosys.specs -Wl,-Map="cv06.map" -Wl,--gc-sections -static --specs=nano.specs -mfloat-abi=soft -mthumb -Wl,--start-group -lc -lm -Wl,--end-group
Finished building target: cv06.elf
 
arm-none-eabi-size   cv06.elf 
arm-none-eabi-objdump -h -S  cv06.elf  > "cv06.list"
   text	   data	    bss	    dec	    hex	filename
   9428	     20	   1708	  11156	   2b94	cv06.elf
Finished building: default.size.stdout
 
Finished building: cv06.list
 
15:24:12 **** Incremental Build of configuration Debug for project cv06 ****
make -j4 all 
arm-none-eabi-gcc "../Core/Src/main.c" -mcpu=cortex-m0 -std=gnu11 -g3 -DDEBUG -DUSE_HAL_DRIVER -DSTM32F030x8 -c -I../Core/Inc -I../Drivers/STM32F0xx_HAL_Driver/Inc -I../Drivers/STM32F0xx_HAL_Driver/Inc/Legacy -I../Drivers/CMSIS/Device/ST/STM32F0xx/Include -I../Drivers/CMSIS/Include -O0 -ffunction-sections -fdata-sections -Wall -fstack-usage -fcyclomatic-complexity -MMD -MP -MF"Core/Src/main.d" -MT"Core/Src/main.o" --specs=nano.specs -mfloat-abi=soft -mthumb -o "Core/Src/main.o"
arm-none-eabi-gcc -o "cv06.elf" @"objects.list"   -mcpu=cortex-m0 -T"C:\Users\xladis00\STM32CubeIDE\workspace_1.13.1\cv06\STM32F030R8TX_FLASH.ld" --specs=nosys.specs -Wl,-Map="cv06.map" -Wl,--gc-sections -static --specs=nano.specs -mfloat-abi=soft -mthumb -Wl,--start-group -lc -lm -Wl,--end-group
Finished building target: cv06.elf
 
arm-none-eabi-size   cv06.elf 
arm-none-eabi-objdump -h -S  cv06.elf  > "cv06.list"
   text	   data	    bss	    dec	    hex	filename
   9428	     20	   1708	  11156	   2b94	cv06.elf
Finished building: default.size.stdout
 
Finished building: cv06.list
 
15:25:37 **** Incremental Build of configuration Debug for project cv06 ****
make -j4 all 
arm-none-eabi-gcc "../Core/Src/sct.c" -mcpu=cortex-m0 -std=gnu11 -g3 -DDEBUG -DUSE_HAL_DRIVER -DSTM32F030x8 -c -I../Core/Inc -I../Drivers/STM32F0xx_HAL_Driver/Inc -I../Drivers/STM32F0xx_HAL_Driver/Inc/Legacy -I../Drivers/CMSIS/Device/ST/STM32F0xx/Include -I../Drivers/CMSIS/Include -O0 -ffunction-sections -fdata-sections -Wall -fstack-usage -fcyclomatic-complexity -MMD -MP -MF"Core/Src/sct.d" -MT"Core/Src/sct.o" --specs=nano.specs -mfloat-abi=soft -mthumb -o "Core/Src/sct.o"
arm-none-eabi-gcc -o "cv06.elf" @"objects.list"   -mcpu=cortex-m0 -T"C:\Users\xladis00\STM32CubeIDE\workspace_1.13.1\cv06\STM32F030R8TX_FLASH.ld" --specs=nosys.specs -Wl,-Map="cv06.map" -Wl,--gc-sections -static --specs=nano.specs -mfloat-abi=soft -mthumb -Wl,--start-group -lc -lm -Wl,--end-group
Finished building target: cv06.elf
 
arm-none-eabi-size   cv06.elf 
arm-none-eabi-objdump -h -S  cv06.elf  > "cv06.list"
   text	   data	    bss	    dec	    hex	filename
   9428	     20	   1708	  11156	   2b94	cv06.elf
Finished building: default.size.stdout
 
Finished building: cv06.list
 
15:25:52 **** Incremental Build of configuration Debug for project cv06 ****
make -j4 all 
arm-none-eabi-gcc "../Core/Src/main.c" -mcpu=cortex-m0 -std=gnu11 -g3 -DDEBUG -DUSE_HAL_DRIVER -DSTM32F030x8 -c -I../Core/Inc -I../Drivers/STM32F0xx_HAL_Driver/Inc -I../Drivers/STM32F0xx_HAL_Driver/Inc/Legacy -I../Drivers/CMSIS/Device/ST/STM32F0xx/Include -I../Drivers/CMSIS/Include -O0 -ffunction-sections -fdata-sections -Wall -fstack-usage -fcyclomatic-complexity -MMD -MP -MF"Core/Src/main.d" -MT"Core/Src/main.o" --specs=nano.specs -mfloat-abi=soft -mthumb -o "Core/Src/main.o"
arm-none-eabi-gcc -o "cv06.elf" @"objects.list"   -mcpu=cortex-m0 -T"C:\Users\xladis00\STM32CubeIDE\workspace_1.13.1\cv06\STM32F030R8TX_FLASH.ld" --specs=nosys.specs -Wl,-Map="cv06.map" -Wl,--gc-sections -static --specs=nano.specs -mfloat-abi=soft -mthumb -Wl,--start-group -lc -lm -Wl,--end-group
Finished building target: cv06.elf
 
arm-none-eabi-size   cv06.elf 
arm-none-eabi-objdump -h -S  cv06.elf  > "cv06.list"
   text	   data	    bss	    dec	    hex	filename
   9428	     20	   1708	  11156	   2b94	cv06.elf
Finished building: default.size.stdout
 
Finished building: cv06.list
 
